******************************************************************************
                  TMS470 Linker PC v4.9.5                      
******************************************************************************
>> Linked Sat Sep 23 13:20:31 2017

OUTPUT FILE NAME:   <BeverageStation.out>
ENTRY POINT SYMBOL: "_c_int00"  address: 000009b1


MEMORY CONFIGURATION

         name            origin    length      used     unused   attr    fill
----------------------  --------  ---------  --------  --------  ----  --------
  FLASH                 00000000   00040000  00000d00  0003f300  R  X
  SRAM                  20000000   00008000  00000114  00007eec  RW X


SEGMENT ALLOCATION MAP

run origin  load origin   length   init length attrs members
----------  ----------- ---------- ----------- ----- -------
00000000    00000000    00000d00   00000d00    r-x
  00000000    00000000    0000026c   0000026c    r-- .intvecs
  0000026c    0000026c    00000958   00000958    r-x .text
  00000bc4    00000bc4    0000011c   0000011c    r-- .const
  00000ce0    00000ce0    00000020   00000020    r-- .cinit
20000000    20000000    00000100   00000000    rw-
  20000000    20000000    00000100   00000000    rw- .stack
20000100    20000100    00000014   00000014    rw-
  20000100    20000100    00000014   00000014    rw- .data


SECTION ALLOCATION MAP

 output                                  attributes/
section   page    origin      length       input sections
--------  ----  ----------  ----------   ----------------
.intvecs   0    00000000    0000026c     
                  00000000    0000026c     startup_ccs.obj (.intvecs)

.text      0    0000026c    00000958     
                  0000026c    000001d8     driverlib-cm4f.lib : sysctl.obj (.text:SysCtlClockGet)
                  00000444    0000013c                        : sysctl.obj (.text:SysCtlClockSet)
                  00000580    000000d0     main.obj (.text)
                  00000650    000000c8     driverlib-cm4f.lib : gpio.obj (.text:GPIOPadConfigSet)
                  00000718    0000009c     rtsv7M4_T_le_v4SPD16_eabi.lib : memcpy_t2.obj (.text)
                  000007b4    00000094                                   : auto_init.obj (.text)
                  00000848    00000064     driverlib-cm4f.lib : interrupt.obj (.text:IntEnable)
                  000008ac    0000005e     rtsv7M4_T_le_v4SPD16_eabi.lib : copy_decompress_rle.obj (.text)
                  0000090a    00000002     --HOLE-- [fill = 0]
                  0000090c    00000058     driverlib-cm4f.lib : sysctl.obj (.text:SysCtlPeripheralEnable)
                  00000964    0000004c     rtsv7M4_T_le_v4SPD16_eabi.lib : cpy_tbl.obj (.text)
                  000009b0    00000048                                   : boot.obj (.text)
                  000009f8    00000044     driverlib-cm4f.lib : gpio.obj (.text:GPIOIntTypeSet)
                  00000a3c    00000044     rtsv7M4_T_le_v4SPD16_eabi.lib : exit.obj (.text)
                  00000a80    0000002e     driverlib-cm4f.lib : gpio.obj (.text:GPIODirModeSet)
                  00000aae    00000002     --HOLE-- [fill = 0]
                  00000ab0    00000028                        : timer.obj (.text:TimerConfigure)
                  00000ad8    00000018     rtsv7M4_T_le_v4SPD16_eabi.lib : _lock.obj (.text)
                  00000af0    00000018                                   : args_main.obj (.text)
                  00000b08    00000012     driverlib-cm4f.lib : gpio.obj (.text:GPIOPinTypeGPIOInput)
                  00000b1a    00000012                        : gpio.obj (.text:GPIOPinTypeGPIOOutput)
                  00000b2c    00000012                        : timer.obj (.text:TimerLoadSet)
                  00000b3e    0000000e                        : timer.obj (.text:TimerEnable)
                  00000b4c    0000000e     rtsv7M4_T_le_v4SPD16_eabi.lib : copy_decompress_none.obj (.text:decompress:none)
                  00000b5a    0000000c     driverlib-cm4f.lib : cpu.obj (.text:CPUcpsie)
                  00000b66    0000000c                        : gpio.obj (.text:GPIOPinIntEnable)
                  00000b72    0000000c     startup_ccs.obj (.text)
                  00000b7e    0000000a     driverlib-cm4f.lib : gpio.obj (.text:GPIOPinRead)
                  00000b88    0000000a                        : gpio.obj (.text:GPIOPinWrite)
                  00000b92    0000000a                        : interrupt.obj (.text:IntMasterEnable)
                  00000b9c    0000000a                        : timer.obj (.text:TimerIntDisable)
                  00000ba6    00000008                        : timer.obj (.text:TimerIntEnable)
                  00000bae    00000006                        : gpio.obj (.text:GPIOPinIntClear)
                  00000bb4    00000006                        : sysctl.obj (.text:SysCtlDelay)
                  00000bba    00000006     rtsv7M4_T_le_v4SPD16_eabi.lib : copy_decompress_rle.obj (.text:decompress:rle24)
                  00000bc0    00000004     driverlib-cm4f.lib : timer.obj (.text:TimerIntClear)

.const     0    00000bc4    0000011c     
                  00000bc4    00000070     driverlib-cm4f.lib : interrupt.obj (.const)
                  00000c34    0000006c                        : sysctl.obj (.const:g_pulXtals)
                  00000ca0    00000040                        : sysctl.obj (.const)

.cinit     0    00000ce0    00000020     
                  00000ce0    0000000f     (.cinit..data.load) [load image, compression = rle]
                  00000cef    00000001     --HOLE-- [fill = 0]
                  00000cf0    00000008     (__TI_handler_table)
                  00000cf8    00000008     (__TI_cinit_table)

.stack     0    20000000    00000100     UNINITIALIZED
                  20000000    00000100     --HOLE--

.data      0    20000100    00000014     
                  20000100    00000008     rtsv7M4_T_le_v4SPD16_eabi.lib : _lock.obj (.data)
                  20000108    00000008                                   : exit.obj (.data)
                  20000110    00000004                                   : stkdepth_vars.obj (.data)


LINKER GENERATED COPY TABLES

__TI_cinit_table @ 00000cf8 records: 1, size/record: 8, table size: 8
	.data: load addr=00000ce0, load size=0000000f bytes, run addr=20000100, run size=00000014 bytes, compression=rle


LINKER GENERATED HANDLER TABLE

__TI_handler_table @ 00000cf0 records: 2, size/record: 4, table size: 8
	index: 0, handler: __TI_decompress_rle24
	index: 1, handler: __TI_decompress_none


GLOBAL SYMBOLS: SORTED ALPHABETICALLY BY Name 

address    name
--------   ----
00000a3d   C$$EXIT
00000b5b   CPUcpsie
00000a81   GPIODirModeSet
00000627   GPIOFIntHandler
000009f9   GPIOIntTypeSet
00000651   GPIOPadConfigSet
00000baf   GPIOPinIntClear
00000b67   GPIOPinIntEnable
00000b7f   GPIOPinRead
00000b09   GPIOPinTypeGPIOInput
00000b1b   GPIOPinTypeGPIOOutput
00000b89   GPIOPinWrite
00000849   IntEnable
00000b93   IntMasterEnable
00000b73   ResetISR
UNDEFED    SHT$$INIT_ARRAY$$Base
UNDEFED    SHT$$INIT_ARRAY$$Limit
0000026d   SysCtlClockGet
00000445   SysCtlClockSet
00000bb5   SysCtlDelay
0000090d   SysCtlPeripheralEnable
000005fb   Timer0IntHandler
00000ab1   TimerConfigure
00000b3f   TimerEnable
00000bc1   TimerIntClear
00000b9d   TimerIntDisable
00000ba7   TimerIntEnable
00000b2d   TimerLoadSet
20000100   __STACK_END
00000100   __STACK_SIZE
20000100   __STACK_TOP
00000cf8   __TI_CINIT_Base
00000d00   __TI_CINIT_Limit
00000cf0   __TI_Handler_Table_Base
00000cf8   __TI_Handler_Table_Limit
00000001   __TI_args_main
000007b5   __TI_auto_init
00000b4d   __TI_decompress_none
00000bbb   __TI_decompress_rle24
00000000   __TI_static_base__
00000719   __aeabi_memcpy
00000719   __aeabi_memcpy4
00000719   __aeabi_memcpy8
ffffffff   __binit__
ffffffff   __c_args__
20000000   __stack
00000af1   _args_main
000009b1   _c_int00
20000108   _cleanup_ptr
2000010c   _dtors_ptr
20000100   _lock
00000ae5   _nop
00000adf   _register_lock
00000ad9   _register_unlock
20000104   _unlock
00000a41   abort
ffffffff   binit
00000965   copy_in
00000a49   exit
00000000   g_pfnVectors
00000581   main
20000110   main_func_sp
00000719   memcpy


GLOBAL SYMBOLS: SORTED BY Symbol Address 

address    name
--------   ----
00000000   __TI_static_base__
00000000   g_pfnVectors
00000001   __TI_args_main
00000100   __STACK_SIZE
0000026d   SysCtlClockGet
00000445   SysCtlClockSet
00000581   main
000005fb   Timer0IntHandler
00000627   GPIOFIntHandler
00000651   GPIOPadConfigSet
00000719   __aeabi_memcpy
00000719   __aeabi_memcpy4
00000719   __aeabi_memcpy8
00000719   memcpy
000007b5   __TI_auto_init
00000849   IntEnable
0000090d   SysCtlPeripheralEnable
00000965   copy_in
000009b1   _c_int00
000009f9   GPIOIntTypeSet
00000a3d   C$$EXIT
00000a41   abort
00000a49   exit
00000a81   GPIODirModeSet
00000ab1   TimerConfigure
00000ad9   _register_unlock
00000adf   _register_lock
00000ae5   _nop
00000af1   _args_main
00000b09   GPIOPinTypeGPIOInput
00000b1b   GPIOPinTypeGPIOOutput
00000b2d   TimerLoadSet
00000b3f   TimerEnable
00000b4d   __TI_decompress_none
00000b5b   CPUcpsie
00000b67   GPIOPinIntEnable
00000b73   ResetISR
00000b7f   GPIOPinRead
00000b89   GPIOPinWrite
00000b93   IntMasterEnable
00000b9d   TimerIntDisable
00000ba7   TimerIntEnable
00000baf   GPIOPinIntClear
00000bb5   SysCtlDelay
00000bbb   __TI_decompress_rle24
00000bc1   TimerIntClear
00000cf0   __TI_Handler_Table_Base
00000cf8   __TI_CINIT_Base
00000cf8   __TI_Handler_Table_Limit
00000d00   __TI_CINIT_Limit
20000000   __stack
20000100   __STACK_END
20000100   __STACK_TOP
20000100   _lock
20000104   _unlock
20000108   _cleanup_ptr
2000010c   _dtors_ptr
20000110   main_func_sp
ffffffff   __binit__
ffffffff   __c_args__
ffffffff   binit
UNDEFED    SHT$$INIT_ARRAY$$Base
UNDEFED    SHT$$INIT_ARRAY$$Limit

[63 symbols]
